pygame 2.6.1 (SDL 2.28.4, Python 3.13.5)
Hello from the pygame community. https://www.pygame.org/contribute.html
Калібрую шум...
Джарвіс: Добрий вечір! Джарвіс на зв'язку
Ти: відкрий youtube
Ти: джарвіс відкрий youtube
Джарвіс: Відкриваю
Ти: відкрий gmail
Ти: джарвіс закрий youtube
Джарвіс: Не зрозумів команду
Ти: закрий браузер
Ти: логічно
Ти: jarvis відкрий steam
Джарвіс: Не знаю, що таке steam
Ти: відкрий відкрий трек
Ти: jar відключи музику на ютубі
Ти: що за хуйня
Ти: jarvee
Ти: виключи комп'ютер
Ти: google
Ти: що це детектив
Ти: google
Джарвіс уже запущений. Виходжу.
Ти: включи музику
Ти: вже не робиш
Джарвіс уже запущений. Виходжу.
Джарвіс уже запущений. Виходжу.
Джарвіс уже запущений. Виходжу.
Джарвіс уже запущений. Виходжу.
Джарвіс уже запущений. Виходжу.
Джарвіс уже запущений. Виходжу.
pygame 2.6.1 (SDL 2.28.4, Python 3.13.5)
Hello from the pygame community. https://www.pygame.org/contribute.html
Калібрую шум...
Джарвіс: Добрий вечір! Джарвіс на зв'язку
Ти: чого ти не відкриваєш
Ти: ви
Ти: ой
Ти: чарльз відкрий
Ти: відкрий youtube
Ти: відкрий youtube
pygame 2.6.1 (SDL 2.28.4, Python 3.13.5)
Hello from the pygame community. https://www.pygame.org/contribute.html
Калібрую шум...
Джарвіс: Добрий вечір! Джарвіс на зв'язку
Ти: комп'ютер ой закрий пиши
Ти: чого ти вже не детектив
Ти: відкрий google
Ти: хуй там плавав
Ти: відкрий
Ти: жар
Ти: жар вість відкрий youtube
Ти: ла
