pygame 2.6.1 (SDL 2.28.4, Python 3.13.5)
Hello from the pygame community. https://www.pygame.org/contribute.html
Мікрофони: [(0, 'Microsoft Sound Mapper - Input'), (1, 'Microphone (Realtek(R) Audio)'), (2, 'Microphone Array (Realtek(R) Au'), (3, 'Microsoft Sound Mapper - Output'), (4, 'Headphones (Realtek(R) Audio)'), (5, 'GS25F2 (NVIDIA High Definition '), (6, 'Speakers (Realtek(R) Audio)'), (7, 'Primary Sound Capture Driver'), (8, 'Microphone (Realtek(R) Audio)'), (9, 'Microphone Array (Realtek(R) Audio)'), (10, 'Primary Sound Driver'), (11, 'Headphones (Realtek(R) Audio)'), (12, 'GS25F2 (NVIDIA High Definition Audio)'), (13, 'Speakers (Realtek(R) Audio)'), (14, 'GS25F2 (NVIDIA High Definition Audio)'), (15, 'Headphones (Realtek(R) Audio)'), (16, 'Speakers (Realtek(R) Audio)'), (17, 'Microphone Array (Realtek(R) Audio)'), (18, 'Microphone (Realtek(R) Audio)'), (19, 'Headphones (Realtek HD Audio 2nd output)'), (20, 'Microphone Array (Realtek HD Audio Mic Array input)'), (21, 'Speakers (Realtek HD Audio output)'), (22, 'Stereo Mix (Realtek HD Audio Stereo input)'), (23, 'Microphone (Realtek HD Audio Mic input)'), (24, 'Output (NVIDIA High Definition Audio)')]
(знайдено програм і ігор: 183)
Поріг гучності: 300
Джарвіс [happy]: Добрий день! Джарвіс на зв'язку
pygame 2.6.1 (SDL 2.28.4, Python 3.13.5)
Hello from the pygame community. https://www.pygame.org/contribute.html
Мікрофони: [(0, 'Microsoft Sound Mapper - Input'), (1, 'Microphone (Realtek(R) Audio)'), (2, 'Microphone Array (Realtek(R) Au'), (3, 'Microsoft Sound Mapper - Output'), (4, 'Headphones (Realtek(R) Audio)'), (5, 'GS25F2 (NVIDIA High Definition '), (6, 'Speakers (Realtek(R) Audio)'), (7, 'Primary Sound Capture Driver'), (8, 'Microphone (Realtek(R) Audio)'), (9, 'Microphone Array (Realtek(R) Audio)'), (10, 'Primary Sound Driver'), (11, 'Headphones (Realtek(R) Audio)'), (12, 'GS25F2 (NVIDIA High Definition Audio)'), (13, 'Speakers (Realtek(R) Audio)'), (14, 'GS25F2 (NVIDIA High Definition Audio)'), (15, 'Headphones (Realtek(R) Audio)'), (16, 'Speakers (Realtek(R) Audio)'), (17, 'Microphone Array (Realtek(R) Audio)'), (18, 'Microphone (Realtek(R) Audio)'), (19, 'Headphones (Realtek HD Audio 2nd output)'), (20, 'Microphone Array (Realtek HD Audio Mic Array input)'), (21, 'Speakers (Realtek HD Audio output)'), (22, 'Stereo Mix (Realtek HD Audio Stereo input)'), (23, 'Microphone (Realtek HD Audio Mic input)'), (24, 'Output (NVIDIA High Definition Audio)')]
(знайдено програм і ігор: 183)
Поріг гучності: 300
Джарвіс [happy]: Добрий день! Джарвіс на зв'язку
pygame 2.6.1 (SDL 2.28.4, Python 3.13.5)
Hello from the pygame community. https://www.pygame.org/contribute.html
Мікрофони: [(0, 'Microsoft Sound Mapper - Input'), (1, 'Microphone (Realtek(R) Audio)'), (2, 'Microphone Array (Realtek(R) Au'), (3, 'Microsoft Sound Mapper - Output'), (4, 'Headphones (Realtek(R) Audio)'), (5, 'GS25F2 (NVIDIA High Definition '), (6, 'Speakers (Realtek(R) Audio)'), (7, 'Primary Sound Capture Driver'), (8, 'Microphone (Realtek(R) Audio)'), (9, 'Microphone Array (Realtek(R) Audio)'), (10, 'Primary Sound Driver'), (11, 'Headphones (Realtek(R) Audio)'), (12, 'GS25F2 (NVIDIA High Definition Audio)'), (13, 'Speakers (Realtek(R) Audio)'), (14, 'GS25F2 (NVIDIA High Definition Audio)'), (15, 'Headphones (Realtek(R) Audio)'), (16, 'Speakers (Realtek(R) Audio)'), (17, 'Microphone Array (Realtek(R) Audio)'), (18, 'Microphone (Realtek(R) Audio)'), (19, 'Headphones (Realtek HD Audio 2nd output)'), (20, 'Microphone Array (Realtek HD Audio Mic Array input)'), (21, 'Speakers (Realtek HD Audio output)'), (22, 'Stereo Mix (Realtek HD Audio Stereo input)'), (23, 'Microphone (Realtek HD Audio Mic input)'), (24, 'Output (NVIDIA High Definition Audio)')]
(знайдено програм і ігор: 183)
Поріг гучності: 300
Джарвіс [happy]: Добрий день! Джарвіс на зв'язку
pygame 2.6.1 (SDL 2.28.4, Python 3.13.5)
Hello from the pygame community. https://www.pygame.org/contribute.html
Мікрофони: [(0, 'Microsoft Sound Mapper - Input'), (1, 'Microphone (Realtek(R) Audio)'), (2, 'Microphone Array (Realtek(R) Au'), (3, 'Microsoft Sound Mapper - Output'), (4, 'Headphones (Realtek(R) Audio)'), (5, 'GS25F2 (NVIDIA High Definition '), (6, 'Speakers (Realtek(R) Audio)'), (7, 'Primary Sound Capture Driver'), (8, 'Microphone (Realtek(R) Audio)'), (9, 'Microphone Array (Realtek(R) Audio)'), (10, 'Primary Sound Driver'), (11, 'Headphones (Realtek(R) Audio)'), (12, 'GS25F2 (NVIDIA High Definition Audio)'), (13, 'Speakers (Realtek(R) Audio)'), (14, 'GS25F2 (NVIDIA High Definition Audio)'), (15, 'Headphones (Realtek(R) Audio)'), (16, 'Speakers (Realtek(R) Audio)'), (17, 'Microphone Array (Realtek(R) Audio)'), (18, 'Microphone (Realtek(R) Audio)'), (19, 'Headphones (Realtek HD Audio 2nd output)'), (20, 'Microphone Array (Realtek HD Audio Mic Array input)'), (21, 'Speakers (Realtek HD Audio output)'), (22, 'Stereo Mix (Realtek HD Audio Stereo input)'), (23, 'Microphone (Realtek HD Audio Mic input)'), (24, 'Output (NVIDIA High Definition Audio)')]
(знайдено програм і ігор: 183)
Поріг гучності: 300
Джарвіс [happy]: Добрий день! Джарвіс на зв'язку
Ти: зараз відкрий dota 2   [інші варіанти: ['відкрий dota 2', 'зараз відкрий dota -2', 'dota 2']]
Ти: чого не приймає зараз відкрий гру dota 2   [інші варіанти: ['чи не приймає зараз відкрий гру dota 2', 'чого не приймає зараз відкрий груник dota 2', 'чого не приймає зараз відкрий гру dota -2']]
Ти: dota 2   [інші варіанти: ['відкрий гру dota 2', 'гру dota 2', 'dota -2']]
(ціль: 'dota 2' -> 'Dota 2', збіг 1.00)
Джарвіс [neutral]: Запускаю
Ти: відкрий гру dota 2   [інші варіанти: ['відкрий груник dota 2', 'відкрий гру dota -2', 'чарльз відкрий гру dota 2']]
Ти: відкрий google   [інші варіанти: ['зараз відкрий google', "відкрий google'"]]
(ціль: 'гугл' -> 'гугл', збіг 1.00)
Джарвіс [neutral]: Відкриваю
Ти: відкрий гру dota 2   [інші варіанти: ['відкрий груник dota 2', 'відкрий гру dota -2', 'відкрий груник dota -2']]
Ти: відкрий google   [інші варіанти: ["відкрий google'"]]
Ти: зараз відкрий гру dota 2   [інші варіанти: ['відкрий гру dota 2', 'зараз відкрий груник dota 2', 'зараз відкрий гру dota -2']]
pygame 2.6.1 (SDL 2.28.4, Python 3.13.5)
Hello from the pygame community. https://www.pygame.org/contribute.html
Мікрофони: [(0, 'Microsoft Sound Mapper - Input'), (1, 'Microphone (Realtek(R) Audio)'), (2, 'Microphone Array (Realtek(R) Au'), (3, 'Microsoft Sound Mapper - Output'), (4, 'Headphones (Realtek(R) Audio)'), (5, 'GS25F2 (NVIDIA High Definition '), (6, 'Speakers (Realtek(R) Audio)'), (7, 'Primary Sound Capture Driver'), (8, 'Microphone (Realtek(R) Audio)'), (9, 'Microphone Array (Realtek(R) Audio)'), (10, 'Primary Sound Driver'), (11, 'Headphones (Realtek(R) Audio)'), (12, 'GS25F2 (NVIDIA High Definition Audio)'), (13, 'Speakers (Realtek(R) Audio)'), (14, 'GS25F2 (NVIDIA High Definition Audio)'), (15, 'Headphones (Realtek(R) Audio)'), (16, 'Speakers (Realtek(R) Audio)'), (17, 'Microphone Array (Realtek(R) Audio)'), (18, 'Microphone (Realtek(R) Audio)'), (19, 'Headphones (Realtek HD Audio 2nd output)'), (20, 'Microphone Array (Realtek HD Audio Mic Array input)'), (21, 'Speakers (Realtek HD Audio output)'), (22, 'Stereo Mix (Realtek HD Audio Stereo input)'), (23, 'Microphone (Realtek HD Audio Mic input)'), (24, 'Output (NVIDIA High Definition Audio)')]
(знайдено програм і ігор: 183)
Поріг гучності: 300
Джарвіс [happy]: Добрий день! Джарвіс на зв'язку
Ти: добрий день   [інші варіанти: ['добрий день добрий', 'добрий день добрий день']]
Ти: да безплатно   [інші варіанти: ['da безплатно', 'daiwa безплатно', 'dah безплатно']]
Ти: включи гру dota 2   [інші варіанти: ['зараз включи гру dota 2', 'включи гру в dota 2', 'включи гру dota -2']]
(ціль: 'dota 2' -> 'Dota 2', збіг 1.00)
Джарвіс [neutral]: Запускаю
Exception in thread Thread-4 (threaded_listen):
Traceback (most recent call last):
  File "speech_recognition\__init__.py", line 589, in threaded_listen
    audio = self.listen(s, 1, phrase_time_limit)
  File "speech_recognition\__init__.py", line 462, in listen
    for a in result:
             ^^^^^^
  File "speech_recognition\__init__.py", line 494, in _listen
    buffer = source.stream.read(source.CHUNK)
  File "speech_recognition\__init__.py", line 193, in read
    return self.pyaudio_stream.read(size, exception_on_overflow=False)
           ~~~~~~~~~~~~~~~~~~~~~~~~^^^^^^^^^^^^^^^^^^^^^^^^^^^^^^^^^^^
  File "pyaudio\__init__.py", line 570, in read
OSError: [Errno -9999] Unanticipated host error

During handling of the above exception, another exception occurred:

Traceback (most recent call last):
  File "threading.py", line 1043, in _bootstrap_inner
  File "threading.py", line 994, in run
  File "speech_recognition\__init__.py", line 586, in threaded_listen
    with source as s:
         ^^^^^^
  File "speech_recognition\__init__.py", line 183, in __exit__
    self.stream.close()
    ~~~~~~~~~~~~~~~~~^^
  File "speech_recognition\__init__.py", line 198, in close
    if not self.pyaudio_stream.is_stopped():
           ~~~~~~~~~~~~~~~~~~~~~~~~~~~~~~^^
  File "pyaudio\__init__.py", line 515, in is_stopped
OSError: [Errno -9988] Stream closed
pygame 2.6.1 (SDL 2.28.4, Python 3.13.5)
Hello from the pygame community. https://www.pygame.org/contribute.html
Мікрофони: [(0, 'Microsoft Sound Mapper - Input'), (1, 'Microphone Array (Realtek(R) Au'), (2, 'Microsoft Sound Mapper - Output'), (3, 'Headphones (Realtek(R) Audio)'), (4, 'GS25F2 (NVIDIA High Definition '), (5, 'Speakers (Realtek(R) Audio)'), (6, 'Primary Sound Capture Driver'), (7, 'Microphone Array (Realtek(R) Audio)'), (8, 'Primary Sound Driver'), (9, 'Headphones (Realtek(R) Audio)'), (10, 'GS25F2 (NVIDIA High Definition Audio)'), (11, 'Speakers (Realtek(R) Audio)'), (12, 'GS25F2 (NVIDIA High Definition Audio)'), (13, 'Headphones (Realtek(R) Audio)'), (14, 'Speakers (Realtek(R) Audio)'), (15, 'Microphone Array (Realtek(R) Audio)'), (16, 'Headphones (Realtek HD Audio 2nd output)'), (17, 'Microphone Array (Realtek HD Audio Mic Array input)'), (18, 'Speakers (Realtek HD Audio output)'), (19, 'Stereo Mix (Realtek HD Audio Stereo input)'), (20, 'Microphone (Realtek HD Audio Mic input)'), (21, 'Output (NVIDIA High Definition Audio)')]
(знайдено програм і ігор: 183)
Поріг гучності: 300
Джарвіс [happy]: Добрий день! Джарвіс на зв'язку
